error[E0658]: non-inline modules in proc macro input are unstable
 --> tests/fails/empty.rs:4:1
  |
4 | mod actor;
  | ^^^^^^^^^^
  |
  = note: see issue #54727 <https://github.com/rust-lang/rust/issues/54727> for more information
  = help: add `#![feature(proc_macro_hygiene)]` to the crate attributes to enable

error: Actor declaration cannot be empty
 --> tests/fails/empty.rs:4:1
  |
4 | mod actor;
  | ^^^^^^^^^^
